C51 COMPILER V9.54   MAIN                                                                  12/30/2022 19:55:30 PAGE 1   


C51 COMPILER V9.54, COMPILATION OF MODULE MAIN
OBJECT MODULE PLACED IN .\Objects\main.obj
COMPILER INVOKED BY: D:\Keil_v5\C51\BIN\C51.EXE main.c OPTIMIZE(8,SPEED) BROWSE DEBUG OBJECTEXTEND PRINT(.\Listings\main
                    -.lst) OBJECT(.\Objects\main.obj)

line level    source

   1          #include <REGX52.H>
   2          #include "ds18b20.h"
   3          #include "LCD1602.h"
   4          #include "Delay.h"
   5          /*
   6          DS18B20 传感器
   7          测温范围 
   8                  -55~+125
   9          通信接口
  10                  1-wire
  11          64-BIT ROM 
  12                  作为器件地址 用于总线寻址
  13          SCRATCHPAD
  14                  用于总线的数据交换
  15          EEPROM
  16                  用于保存保存温度触发阈值和配置参数
  17                  SCRATCHPAD              EEPROM
  18                  Byte0   LSB
  19                  Byte1   MSB
  20                  Byte2   TH                              TH
  21                  Byte3   TL                              TL
  22                  Byte4   Configuration   Configuration
  23                  Byte5
  24                  Byte6
  25                  Byte7
  26                  Byte8   CRC校验
  27          单总线
  28                  一根通信线 DQ
  29                   异步、半双工
  30          单总线的电路规范
  31                  设备的DQ均要配置成开漏输出模式
  32                  DQ需要上拉电阻 4.7k
  33                  若此总线的踪迹采取寄生供电 则主机还应配备一个强上拉输出电路
  34          时序结构
  35          初始化
  36                  主机将总线拉低至少480us 然后释放总线 等待15-60us后
  37                  存在的从机会拉低总线60-240us响应主机 之后从机释放总线
  38          发送一位
  39                  主机将总线拉低60-120us 然后释放总线 表示发送0
  40                  主机将总线拉低1-15us 然后释放总线 表示发送0
  41                  从机在将总线拉低30us后读取电平 整个时间片应大于60us
  42          接收一位
  43                  主机将总线拉低1-15us 然后释放总线 并在拉低15us后读取电平(尽量贴近15us)
  44                  读取为低电平则为接收0 读取为高电平则为接收1 整个时间片应大于60us
  45          发送一个字节 B0 B1 B2 B3 B4 B5 B6 B7
  46          接收一个字节 B0 B1 B2 B3 B4 B5 B6 B7
  47          
  48          DS12820操作流程
  49                  初始化               从机复位 主机判断从机是否响应
  50                  ROM操作               ROM指令+本指令读写操作 
  51                  功能操作    功能指令+本指令读写操作      
  52                  
  53                  ROM指令       指令功能                    控制指令    指令功能
  54                  33H             READ ROM                        44H                     Convert T
C51 COMPILER V9.54   MAIN                                                                  12/30/2022 19:55:30 PAGE 2   

  55                  55H             MATCH ROM                       BEH                     Read Scratchpad
  56                  F0H             SERACH ROM                      4EH                     Write Scratchpad
  57                  ECH             ALARM SERACH ROM        48H                     Copy Scratchpad
  58                  CCH             SKIP ROM                        B8H                     Recall E2
  59                                                                          B4H                     Read Power Supply
  60          数据帧
  61                  温度变化
  62                          初始化+跳过+开始温度变换
  63                          S+SKIP ROM+Convert T
  64                  温度读取
  65                          初始化+跳过+读暂存器+连续的读操作
  66                          S+SKIP ROM+Read Scratchpad+LSB+MSB+...
  67          MSB+LSB
  68                  B15 B14 B13 B12 B11 B10 B9 B8 B7 B6 B5 B4 B3 B2 B1 B0
  69                  B0~B3           小数位
  70                  B4~B10          整数位
  71                  B11~B15         符号位
  72          */
  73          
  74          
  75          
  76          void main(void)
  77          {
  78   1              float T=0;
  79   1              DS18B20_ConvertT();             //上电先转换一次温度，防止第一次读数据错误
  80   1              Delay(1000);
  81   1              
  82   1              LCD_Init();
  83   1              
  84   1              LCD_ShowString(1,1,"Temperature:");
  85   1              
  86   1              while(1)
  87   1              {
  88   2                      DS18B20_ConvertT();
  89   2                      T=DS18B20_ReadT();
  90   2                      if(T<0)
  91   2                      {
  92   3                              LCD_ShowChar(2,1,'-');
  93   3                              T=-T;
  94   3                      }
  95   2                      else
  96   2                      {
  97   3                              LCD_ShowChar(2,1,'+');
  98   3                      }
  99   2                      LCD_ShowNum(2,2,T,3);
 100   2                      LCD_ShowChar(2,5,'.');
 101   2                      LCD_ShowNum(2,6,(unsigned long)(T*10000)%10000,4);
 102   2              } // while()结束
 103   1      }


MODULE INFORMATION:   STATIC OVERLAYABLE
   CODE SIZE        =    185    ----
   CONSTANT SIZE    =     13    ----
   XDATA SIZE       =   ----    ----
   PDATA SIZE       =   ----    ----
   DATA SIZE        =   ----       4
   IDATA SIZE       =   ----    ----
   BIT SIZE         =   ----    ----
END OF MODULE INFORMATION.


C51 COMPILATION COMPLETE.  0 WARNING(S),  0 ERROR(S)
